Usando la configuración de inicio de C:\Proyectos\SistemaERP\src\SistemaERP.Api\Properties\launchSettings.json...
Compilando...
C:\Proyectos\SistemaERP\src\SistemaERP.Application\SistemaERP.Application.csproj : warning NU1603: SistemaERP.Application depende de Microsoft.Extensions.Logging (>= 8.0.16), pero no se encontró Microsoft.Extensions.Logging 8.0.16. Microsoft.Extensions.Logging 9.0.0 se resolvió en su lugar. [C:\Proyectos\SistemaERP\src\SistemaERP.Api\SistemaERP.Api.csproj]
C:\Proyectos\SistemaERP\src\SistemaERP.Application\SistemaERP.Application.csproj : warning NU1603: SistemaERP.Application depende de Microsoft.Extensions.Logging (>= 8.0.16), pero no se encontró Microsoft.Extensions.Logging 8.0.16. Microsoft.Extensions.Logging 9.0.0 se resolvió en su lugar.
info: Microsoft.EntityFrameworkCore.Database.Command[20101]
      Executed DbCommand (30ms) [Parameters=[], CommandType='Text', CommandTimeout='30']
      SELECT EXISTS (
    SELECT 1 FROM pg_catalog.pg_class c
    JOIN pg_catalog.pg_namespace n ON n.oid=c.relnamespace
    WHERE n.nspname='public' AND
          c.relname='__EFMigrationsHistory'
)
info: Microsoft.EntityFrameworkCore.Database.Command[20101]
      Executed DbCommand (3ms) [Parameters=[], CommandType='Text', CommandTimeout='30']
      SELECT "MigrationId", "ProductVersion"
      FROM "__EFMigrationsHistory"
      ORDER BY "MigrationId";
info: Microsoft.EntityFrameworkCore.Database.Command[20101]
      Executed DbCommand (1ms) [Parameters=[], CommandType='Text', CommandTimeout='30']
      SELECT EXISTS (
    SELECT 1 FROM pg_catalog.pg_class c
    JOIN pg_catalog.pg_namespace n ON n.oid=c.relnamespace
    WHERE n.nspname='public' AND
          c.relname='__EFMigrationsHistory'
)
info: Microsoft.EntityFrameworkCore.Database.Command[20101]
      Executed DbCommand (1ms) [Parameters=[], CommandType='Text', CommandTimeout='30']
      SELECT EXISTS (
    SELECT 1 FROM pg_catalog.pg_class c
    JOIN pg_catalog.pg_namespace n ON n.oid=c.relnamespace
    WHERE n.nspname='public' AND
          c.relname='__EFMigrationsHistory'
)
info: Microsoft.EntityFrameworkCore.Database.Command[20101]
      Executed DbCommand (0ms) [Parameters=[], CommandType='Text', CommandTimeout='30']
      SELECT "MigrationId", "ProductVersion"
      FROM "__EFMigrationsHistory"
      ORDER BY "MigrationId";
info: Microsoft.EntityFrameworkCore.Migrations[20405]
      No migrations were applied. The database is already up to date.
info: Microsoft.EntityFrameworkCore.Database.Command[20101]
      Executed DbCommand (1ms) [Parameters=[], CommandType='Text', CommandTimeout='30']
      SELECT p."Code"
      FROM "Permissions" AS p
info: Microsoft.EntityFrameworkCore.Database.Command[20101]
      Executed DbCommand (1ms) [Parameters=[], CommandType='Text', CommandTimeout='30']
      SELECT p."Id", p."Code", p."Description", p."Module"
      FROM "Permissions" AS p
      ORDER BY p."Module", p."Code"
info: Microsoft.EntityFrameworkCore.Database.Command[20101]
      Executed DbCommand (1ms) [Parameters=[], CommandType='Text', CommandTimeout='30']
      SELECT t."Id", t."AllowNegativeStock", t."CreatedAt", t."IsActive", t."Name", t."RUC", t."UpdatedAt"
      FROM "Tenants" AS t
info: Microsoft.EntityFrameworkCore.Database.Command[20101]
      Executed DbCommand (5ms) [Parameters=[@__ef_filter__p_0='?' (DbType = Guid), @__tenantId_0='?' (DbType = Guid)], CommandType='Text', CommandTimeout='30']
      SELECT r."Id", r."Description", r."IsSystemRole", r."Name", r."TenantId", t0."RoleId", t0."PermissionId", t0."Id"
      FROM "Roles" AS r
      LEFT JOIN (
          SELECT r0."RoleId", r0."PermissionId", t."Id"
          FROM "RolePermissions" AS r0
          INNER JOIN (
              SELECT r1."Id", r1."TenantId"
              FROM "Roles" AS r1
              WHERE r1."TenantId" = @__ef_filter__p_0
          ) AS t ON r0."RoleId" = t."Id"
          WHERE t."TenantId" = @__ef_filter__p_0
      ) AS t0 ON r."Id" = t0."RoleId"
      WHERE r."TenantId" = @__ef_filter__p_0 AND r."TenantId" = @__tenantId_0
      ORDER BY r."Name", r."Id", t0."RoleId", t0."PermissionId"
info: Microsoft.EntityFrameworkCore.Database.Command[20101]
      Executed DbCommand (0ms) [Parameters=[@__ef_filter__p_0='?' (DbType = Guid), @__tenantId_0='?' (DbType = Guid)], CommandType='Text', CommandTimeout='30']
      SELECT r."Id", r."Description", r."IsSystemRole", r."Name", r."TenantId", t0."RoleId", t0."PermissionId", t0."Id"
      FROM "Roles" AS r
      LEFT JOIN (
          SELECT r0."RoleId", r0."PermissionId", t."Id"
          FROM "RolePermissions" AS r0
          INNER JOIN (
              SELECT r1."Id", r1."TenantId"
              FROM "Roles" AS r1
              WHERE r1."TenantId" = @__ef_filter__p_0
          ) AS t ON r0."RoleId" = t."Id"
          WHERE t."TenantId" = @__ef_filter__p_0
      ) AS t0 ON r."Id" = t0."RoleId"
      WHERE r."TenantId" = @__ef_filter__p_0 AND r."TenantId" = @__tenantId_0
      ORDER BY r."Name", r."Id", t0."RoleId", t0."PermissionId"
info: Microsoft.EntityFrameworkCore.Database.Command[20101]
      Executed DbCommand (0ms) [Parameters=[@__ef_filter__p_0='?' (DbType = Guid), @__tenantId_0='?' (DbType = Guid)], CommandType='Text', CommandTimeout='30']
      SELECT r."Id", r."Description", r."IsSystemRole", r."Name", r."TenantId", t0."RoleId", t0."PermissionId", t0."Id"
      FROM "Roles" AS r
      LEFT JOIN (
          SELECT r0."RoleId", r0."PermissionId", t."Id"
          FROM "RolePermissions" AS r0
          INNER JOIN (
              SELECT r1."Id", r1."TenantId"
              FROM "Roles" AS r1
              WHERE r1."TenantId" = @__ef_filter__p_0
          ) AS t ON r0."RoleId" = t."Id"
          WHERE t."TenantId" = @__ef_filter__p_0
      ) AS t0 ON r."Id" = t0."RoleId"
      WHERE r."TenantId" = @__ef_filter__p_0 AND r."TenantId" = @__tenantId_0
      ORDER BY r."Name", r."Id", t0."RoleId", t0."PermissionId"
info: Microsoft.EntityFrameworkCore.Database.Command[20101]
      Executed DbCommand (0ms) [Parameters=[@__ef_filter__p_0='?' (DbType = Guid), @__tenantId_0='?' (DbType = Guid)], CommandType='Text', CommandTimeout='30']
      SELECT r."Id", r."Description", r."IsSystemRole", r."Name", r."TenantId", t0."RoleId", t0."PermissionId", t0."Id"
      FROM "Roles" AS r
      LEFT JOIN (
          SELECT r0."RoleId", r0."PermissionId", t."Id"
          FROM "RolePermissions" AS r0
          INNER JOIN (
              SELECT r1."Id", r1."TenantId"
              FROM "Roles" AS r1
              WHERE r1."TenantId" = @__ef_filter__p_0
          ) AS t ON r0."RoleId" = t."Id"
          WHERE t."TenantId" = @__ef_filter__p_0
      ) AS t0 ON r."Id" = t0."RoleId"
      WHERE r."TenantId" = @__ef_filter__p_0 AND r."TenantId" = @__tenantId_0
      ORDER BY r."Name", r."Id", t0."RoleId", t0."PermissionId"
info: Microsoft.EntityFrameworkCore.Database.Command[20101]
      Executed DbCommand (0ms) [Parameters=[@__ef_filter__p_0='?' (DbType = Guid), @__tenantId_0='?' (DbType = Guid)], CommandType='Text', CommandTimeout='30']
      SELECT r."Id", r."Description", r."IsSystemRole", r."Name", r."TenantId", t0."RoleId", t0."PermissionId", t0."Id"
      FROM "Roles" AS r
      LEFT JOIN (
          SELECT r0."RoleId", r0."PermissionId", t."Id"
          FROM "RolePermissions" AS r0
          INNER JOIN (
              SELECT r1."Id", r1."TenantId"
              FROM "Roles" AS r1
              WHERE r1."TenantId" = @__ef_filter__p_0
          ) AS t ON r0."RoleId" = t."Id"
          WHERE t."TenantId" = @__ef_filter__p_0
      ) AS t0 ON r."Id" = t0."RoleId"
      WHERE r."TenantId" = @__ef_filter__p_0 AND r."TenantId" = @__tenantId_0
      ORDER BY r."Name", r."Id", t0."RoleId", t0."PermissionId"
info: Microsoft.EntityFrameworkCore.Database.Command[20101]
      Executed DbCommand (0ms) [Parameters=[@__ef_filter__p_0='?' (DbType = Guid), @__tenantId_0='?' (DbType = Guid)], CommandType='Text', CommandTimeout='30']
      SELECT r."Id", r."Description", r."IsSystemRole", r."Name", r."TenantId", t0."RoleId", t0."PermissionId", t0."Id"
      FROM "Roles" AS r
      LEFT JOIN (
          SELECT r0."RoleId", r0."PermissionId", t."Id"
          FROM "RolePermissions" AS r0
          INNER JOIN (
              SELECT r1."Id", r1."TenantId"
              FROM "Roles" AS r1
              WHERE r1."TenantId" = @__ef_filter__p_0
          ) AS t ON r0."RoleId" = t."Id"
          WHERE t."TenantId" = @__ef_filter__p_0
      ) AS t0 ON r."Id" = t0."RoleId"
      WHERE r."TenantId" = @__ef_filter__p_0 AND r."TenantId" = @__tenantId_0
      ORDER BY r."Name", r."Id", t0."RoleId", t0."PermissionId"
info: Microsoft.Hosting.Lifetime[14]
      Now listening on: http://localhost:5045
info: Microsoft.Hosting.Lifetime[0]
      Application started. Press Ctrl+C to shut down.
info: Microsoft.Hosting.Lifetime[0]
      Hosting environment: Development
info: Microsoft.Hosting.Lifetime[0]
      Content root path: C:\Proyectos\SistemaERP\src\SistemaERP.Api
warn: Microsoft.AspNetCore.HttpsPolicy.HttpsRedirectionMiddleware[3]
      Failed to determine the https port for redirect.
info: Microsoft.EntityFrameworkCore.Database.Command[20101]
      Executed DbCommand (2ms) [Parameters=[@__email_0='?'], CommandType='Text', CommandTimeout='30']
      SELECT u."Id", u."CreatedAt", u."Email", u."FullName", u."IsActive", u."PasswordHash", u."Role", u."TenantId", u."UpdatedAt"
      FROM "Users" AS u
      WHERE u."Email" = @__email_0
      LIMIT 1
warn: Microsoft.EntityFrameworkCore.Query[20504]
      Compiling a query which loads related collections for more than one collection navigation, either via 'Include' or through projection, but no 'QuerySplittingBehavior' has been configured. By default, Entity Framework will use 'QuerySplittingBehavior.SingleQuery', which can potentially result in slow query performance. See https://go.microsoft.com/fwlink/?linkid=2134277 for more information. To identify the query that's triggering this warning call 'ConfigureWarnings(w => w.Throw(RelationalEventId.MultipleCollectionIncludeWarning))'.
info: Microsoft.EntityFrameworkCore.Database.Command[20101]
      Executed DbCommand (2ms) [Parameters=[@__id_0='?' (DbType = Guid)], CommandType='Text', CommandTimeout='30']
      SELECT t."Id", t."CreatedAt", t."Email", t."FullName", t."IsActive", t."PasswordHash", t."Role", t."TenantId", t."UpdatedAt", t0."UserId", t0."RoleId", t0."Id", t0."Description", t0."IsSystemRole", t0."Name", t0."TenantId", t0."RoleId0", t0."PermissionId", t0."Id0", t0."Code", t0."Description0", t0."Module"
      FROM (
          SELECT u."Id", u."CreatedAt", u."Email", u."FullName", u."IsActive", u."PasswordHash", u."Role", u."TenantId", u."UpdatedAt"
          FROM "Users" AS u
          WHERE u."Id" = @__id_0
          LIMIT 1
      ) AS t
      LEFT JOIN (
          SELECT u0."UserId", u0."RoleId", r."Id", r."Description", r."IsSystemRole", r."Name", r."TenantId", t1."RoleId" AS "RoleId0", t1."PermissionId", t1."Id" AS "Id0", t1."Code", t1."Description" AS "Description0", t1."Module"
          FROM "UserRoles" AS u0
          INNER JOIN "Roles" AS r ON u0."RoleId" = r."Id"
          LEFT JOIN (
              SELECT r0."RoleId", r0."PermissionId", p."Id", p."Code", p."Description", p."Module"
              FROM "RolePermissions" AS r0
              INNER JOIN "Permissions" AS p ON r0."PermissionId" = p."Id"
          ) AS t1 ON r."Id" = t1."RoleId"
      ) AS t0 ON t."Id" = t0."UserId"
      ORDER BY t."Id", t0."UserId", t0."RoleId", t0."Id", t0."RoleId0", t0."PermissionId"
warn: Microsoft.EntityFrameworkCore.Query[10103]
      The query uses the 'First'/'FirstOrDefault' operator without 'OrderBy' and filter operators. This may lead to unpredictable results.
info: Microsoft.EntityFrameworkCore.Database.Command[20101]
      Executed DbCommand (3ms) [Parameters=[@__ef_filter__p_0='?' (DbType = Guid), @__dateFromUtc_Value_0='?' (DbType = DateTime), @__dateToUtc_Value_1='?' (DbType = DateTime)], CommandType='Text', CommandTimeout='30']
      SELECT COALESCE(sum(t1."Total"), 0.0) AS "TotalAmount", COALESCE(sum(t1."Tax"), 0.0) AS "TotalTax", COALESCE(sum(t1."Subtotal"), 0.0) AS "TotalSubtotal", count(*)::int AS "TotalRecords"
      FROM (
          SELECT s."Subtotal", s."Tax", s."Total", 1 AS "Key"
          FROM "Sales" AS s
          LEFT JOIN (
              SELECT c."Id", c."Address", c."CreatedAt", c."CreditLimit", c."CustomerType", c."DocumentNumber", c."DocumentType", c."Email", c."IsActive", c."Name", c."Phone", c."TenantId", c."UpdatedAt"
              FROM "Customers" AS c
              WHERE c."IsActive" AND c."TenantId" = @__ef_filter__p_0
          ) AS t ON s."CustomerId" = t."Id"
          LEFT JOIN (
              SELECT u."Id", u."CreatedAt", u."Email", u."FullName", u."IsActive", u."PasswordHash", u."Role", u."TenantId", u."UpdatedAt"
              FROM "Users" AS u
              WHERE u."IsActive" AND u."TenantId" = @__ef_filter__p_0
          ) AS t0 ON s."CreatedBy" = t0."Id"
          WHERE s."TenantId" = @__ef_filter__p_0 AND s."SaleDate" >= @__dateFromUtc_Value_0 AND s."SaleDate" <= @__dateToUtc_Value_1
      ) AS t1
      GROUP BY t1."Key"
      LIMIT 1
info: Microsoft.EntityFrameworkCore.Database.Command[20101]
      Executed DbCommand (1ms) [Parameters=[@__ef_filter__p_0='?' (DbType = Guid), @__dateFromUtc_Value_0='?' (DbType = DateTime), @__dateToUtc_Value_1='?' (DbType = DateTime)], CommandType='Text', CommandTimeout='30']
      SELECT count(*)::int
      FROM "Sales" AS s
      LEFT JOIN (
          SELECT c."Id", c."Address", c."CreatedAt", c."CreditLimit", c."CustomerType", c."DocumentNumber", c."DocumentType", c."Email", c."IsActive", c."Name", c."Phone", c."TenantId", c."UpdatedAt"
          FROM "Customers" AS c
          WHERE c."IsActive" AND c."TenantId" = @__ef_filter__p_0
      ) AS t ON s."CustomerId" = t."Id"
      LEFT JOIN (
          SELECT u."Id", u."CreatedAt", u."Email", u."FullName", u."IsActive", u."PasswordHash", u."Role", u."TenantId", u."UpdatedAt"
          FROM "Users" AS u
          WHERE u."IsActive" AND u."TenantId" = @__ef_filter__p_0
      ) AS t0 ON s."CreatedBy" = t0."Id"
      WHERE s."TenantId" = @__ef_filter__p_0 AND s."SaleDate" >= @__dateFromUtc_Value_0 AND s."SaleDate" <= @__dateToUtc_Value_1
info: Microsoft.EntityFrameworkCore.Database.Command[20101]
      Executed DbCommand (1ms) [Parameters=[@__ef_filter__p_0='?' (DbType = Guid), @__dateFromUtc_Value_0='?' (DbType = DateTime), @__dateToUtc_Value_1='?' (DbType = DateTime), @__p_3='?' (DbType = Int32), @__p_2='?' (DbType = Int32)], CommandType='Text', CommandTimeout='30']
      SELECT s."SaleNumber", s."SaleDate", CASE
          WHEN t."Id" IS NOT NULL THEN t."Name"
          ELSE ''
      END AS "CustomerName", CASE
          WHEN t0."Id" IS NOT NULL THEN t0."FullName"
          ELSE ''
      END AS "VendorName", s."PaymentType", s."PaymentStatus", s."Status", s."Subtotal", s."Tax", s."Total"
      FROM "Sales" AS s
      LEFT JOIN (
          SELECT c."Id", c."Name"
          FROM "Customers" AS c
          WHERE c."IsActive" AND c."TenantId" = @__ef_filter__p_0
      ) AS t ON s."CustomerId" = t."Id"
      LEFT JOIN (
          SELECT u."Id", u."FullName"
          FROM "Users" AS u
          WHERE u."IsActive" AND u."TenantId" = @__ef_filter__p_0
      ) AS t0 ON s."CreatedBy" = t0."Id"
      WHERE s."TenantId" = @__ef_filter__p_0 AND s."SaleDate" >= @__dateFromUtc_Value_0 AND s."SaleDate" <= @__dateToUtc_Value_1
      ORDER BY s."SaleDate" DESC
      LIMIT @__p_3 OFFSET @__p_2
info: SistemaERP.Application.Services.CustomerService[0]
      Fetching all customers.
info: Microsoft.EntityFrameworkCore.Database.Command[20101]
      Executed DbCommand (2ms) [Parameters=[@__ef_filter__p_0='?' (DbType = Guid), @__dateFromUtc_Value_0='?' (DbType = DateTime), @__dateToUtc_Value_1='?' (DbType = DateTime)], CommandType='Text', CommandTimeout='30']
      SELECT COALESCE(sum(t1."Total"), 0.0) AS "TotalAmount", COALESCE(sum(t1."Tax"), 0.0) AS "TotalTax", COALESCE(sum(t1."Subtotal"), 0.0) AS "TotalSubtotal", count(*)::int AS "TotalRecords"
      FROM (
          SELECT s."Subtotal", s."Tax", s."Total", 1 AS "Key"
          FROM "Sales" AS s
          LEFT JOIN (
              SELECT c."Id", c."Address", c."CreatedAt", c."CreditLimit", c."CustomerType", c."DocumentNumber", c."DocumentType", c."Email", c."IsActive", c."Name", c."Phone", c."TenantId", c."UpdatedAt"
              FROM "Customers" AS c
              WHERE c."IsActive" AND c."TenantId" = @__ef_filter__p_0
          ) AS t ON s."CustomerId" = t."Id"
          LEFT JOIN (
              SELECT u."Id", u."CreatedAt", u."Email", u."FullName", u."IsActive", u."PasswordHash", u."Role", u."TenantId", u."UpdatedAt"
              FROM "Users" AS u
              WHERE u."IsActive" AND u."TenantId" = @__ef_filter__p_0
          ) AS t0 ON s."CreatedBy" = t0."Id"
          WHERE s."TenantId" = @__ef_filter__p_0 AND s."SaleDate" >= @__dateFromUtc_Value_0 AND s."SaleDate" <= @__dateToUtc_Value_1
      ) AS t1
      GROUP BY t1."Key"
      LIMIT 1
info: Microsoft.EntityFrameworkCore.Database.Command[20101]
      Executed DbCommand (1ms) [Parameters=[@__ef_filter__p_0='?' (DbType = Guid), @__dateFromUtc_Value_0='?' (DbType = DateTime), @__dateToUtc_Value_1='?' (DbType = DateTime)], CommandType='Text', CommandTimeout='30']
      SELECT count(*)::int
      FROM "Sales" AS s
      LEFT JOIN (
          SELECT c."Id", c."Address", c."CreatedAt", c."CreditLimit", c."CustomerType", c."DocumentNumber", c."DocumentType", c."Email", c."IsActive", c."Name", c."Phone", c."TenantId", c."UpdatedAt"
          FROM "Customers" AS c
          WHERE c."IsActive" AND c."TenantId" = @__ef_filter__p_0
      ) AS t ON s."CustomerId" = t."Id"
      LEFT JOIN (
          SELECT u."Id", u."CreatedAt", u."Email", u."FullName", u."IsActive", u."PasswordHash", u."Role", u."TenantId", u."UpdatedAt"
          FROM "Users" AS u
          WHERE u."IsActive" AND u."TenantId" = @__ef_filter__p_0
      ) AS t0 ON s."CreatedBy" = t0."Id"
      WHERE s."TenantId" = @__ef_filter__p_0 AND s."SaleDate" >= @__dateFromUtc_Value_0 AND s."SaleDate" <= @__dateToUtc_Value_1
info: Microsoft.EntityFrameworkCore.Database.Command[20101]
      Executed DbCommand (1ms) [Parameters=[@__ef_filter__p_0='?' (DbType = Guid), @__dateFromUtc_Value_0='?' (DbType = DateTime), @__dateToUtc_Value_1='?' (DbType = DateTime), @__p_3='?' (DbType = Int32), @__p_2='?' (DbType = Int32)], CommandType='Text', CommandTimeout='30']
      SELECT s."SaleNumber", s."SaleDate", CASE
          WHEN t."Id" IS NOT NULL THEN t."Name"
          ELSE ''
      END AS "CustomerName", CASE
          WHEN t0."Id" IS NOT NULL THEN t0."FullName"
          ELSE ''
      END AS "VendorName", s."PaymentType", s."PaymentStatus", s."Status", s."Subtotal", s."Tax", s."Total"
      FROM "Sales" AS s
      LEFT JOIN (
          SELECT c."Id", c."Name"
          FROM "Customers" AS c
          WHERE c."IsActive" AND c."TenantId" = @__ef_filter__p_0
      ) AS t ON s."CustomerId" = t."Id"
      LEFT JOIN (
          SELECT u."Id", u."FullName"
          FROM "Users" AS u
          WHERE u."IsActive" AND u."TenantId" = @__ef_filter__p_0
      ) AS t0 ON s."CreatedBy" = t0."Id"
      WHERE s."TenantId" = @__ef_filter__p_0 AND s."SaleDate" >= @__dateFromUtc_Value_0 AND s."SaleDate" <= @__dateToUtc_Value_1
      ORDER BY s."SaleDate" DESC
      LIMIT @__p_3 OFFSET @__p_2
info: Microsoft.EntityFrameworkCore.Database.Command[20101]
      Executed DbCommand (1ms) [Parameters=[@__ef_filter__p_0='?' (DbType = Guid)], CommandType='Text', CommandTimeout='30']
      SELECT c."Id", c."Address", c."CreatedAt", c."CreditLimit", c."CustomerType", c."DocumentNumber", c."DocumentType", c."Email", c."IsActive", c."Name", c."Phone", c."TenantId", c."UpdatedAt"
      FROM "Customers" AS c
      WHERE c."IsActive" AND c."TenantId" = @__ef_filter__p_0
info: SistemaERP.Application.Services.CustomerService[0]
      Fetching all customers.
info: Microsoft.EntityFrameworkCore.Database.Command[20101]
      Executed DbCommand (1ms) [Parameters=[@__ef_filter__p_0='?' (DbType = Guid)], CommandType='Text', CommandTimeout='30']
      SELECT c."Id", c."Address", c."CreatedAt", c."CreditLimit", c."CustomerType", c."DocumentNumber", c."DocumentType", c."Email", c."IsActive", c."Name", c."Phone", c."TenantId", c."UpdatedAt"
      FROM "Customers" AS c
      WHERE c."IsActive" AND c."TenantId" = @__ef_filter__p_0
info: Microsoft.EntityFrameworkCore.Database.Command[20101]
      Executed DbCommand (1ms) [Parameters=[@__ef_filter__p_0='?' (DbType = Guid), @__dateFromUtc_Value_0='?' (DbType = DateTime), @__dateToUtc_Value_1='?' (DbType = DateTime)], CommandType='Text', CommandTimeout='30']
      SELECT COALESCE(sum(t1."Total"), 0.0) AS "TotalAmount", COALESCE(sum(t1."Tax"), 0.0) AS "TotalTax", COALESCE(sum(t1."Subtotal"), 0.0) AS "TotalSubtotal", count(*)::int AS "TotalRecords"
      FROM (
          SELECT s."Subtotal", s."Tax", s."Total", 1 AS "Key"
          FROM "Sales" AS s
          LEFT JOIN (
              SELECT c."Id", c."Address", c."CreatedAt", c."CreditLimit", c."CustomerType", c."DocumentNumber", c."DocumentType", c."Email", c."IsActive", c."Name", c."Phone", c."TenantId", c."UpdatedAt"
              FROM "Customers" AS c
              WHERE c."IsActive" AND c."TenantId" = @__ef_filter__p_0
          ) AS t ON s."CustomerId" = t."Id"
          LEFT JOIN (
              SELECT u."Id", u."CreatedAt", u."Email", u."FullName", u."IsActive", u."PasswordHash", u."Role", u."TenantId", u."UpdatedAt"
              FROM "Users" AS u
              WHERE u."IsActive" AND u."TenantId" = @__ef_filter__p_0
          ) AS t0 ON s."CreatedBy" = t0."Id"
          WHERE s."TenantId" = @__ef_filter__p_0 AND s."SaleDate" >= @__dateFromUtc_Value_0 AND s."SaleDate" <= @__dateToUtc_Value_1
      ) AS t1
      GROUP BY t1."Key"
      LIMIT 1
info: Microsoft.EntityFrameworkCore.Database.Command[20101]
      Executed DbCommand (0ms) [Parameters=[@__ef_filter__p_0='?' (DbType = Guid), @__dateFromUtc_Value_0='?' (DbType = DateTime), @__dateToUtc_Value_1='?' (DbType = DateTime)], CommandType='Text', CommandTimeout='30']
      SELECT count(*)::int
      FROM "Sales" AS s
      LEFT JOIN (
          SELECT c."Id", c."Address", c."CreatedAt", c."CreditLimit", c."CustomerType", c."DocumentNumber", c."DocumentType", c."Email", c."IsActive", c."Name", c."Phone", c."TenantId", c."UpdatedAt"
          FROM "Customers" AS c
          WHERE c."IsActive" AND c."TenantId" = @__ef_filter__p_0
      ) AS t ON s."CustomerId" = t."Id"
      LEFT JOIN (
          SELECT u."Id", u."CreatedAt", u."Email", u."FullName", u."IsActive", u."PasswordHash", u."Role", u."TenantId", u."UpdatedAt"
          FROM "Users" AS u
          WHERE u."IsActive" AND u."TenantId" = @__ef_filter__p_0
      ) AS t0 ON s."CreatedBy" = t0."Id"
      WHERE s."TenantId" = @__ef_filter__p_0 AND s."SaleDate" >= @__dateFromUtc_Value_0 AND s."SaleDate" <= @__dateToUtc_Value_1
info: Microsoft.EntityFrameworkCore.Database.Command[20101]
      Executed DbCommand (1ms) [Parameters=[@__ef_filter__p_0='?' (DbType = Guid), @__dateFromUtc_Value_0='?' (DbType = DateTime), @__dateToUtc_Value_1='?' (DbType = DateTime), @__p_3='?' (DbType = Int32), @__p_2='?' (DbType = Int32)], CommandType='Text', CommandTimeout='30']
      SELECT s."SaleNumber", s."SaleDate", CASE
          WHEN t."Id" IS NOT NULL THEN t."Name"
          ELSE ''
      END AS "CustomerName", CASE
          WHEN t0."Id" IS NOT NULL THEN t0."FullName"
          ELSE ''
      END AS "VendorName", s."PaymentType", s."PaymentStatus", s."Status", s."Subtotal", s."Tax", s."Total"
      FROM "Sales" AS s
      LEFT JOIN (
          SELECT c."Id", c."Name"
          FROM "Customers" AS c
          WHERE c."IsActive" AND c."TenantId" = @__ef_filter__p_0
      ) AS t ON s."CustomerId" = t."Id"
      LEFT JOIN (
          SELECT u."Id", u."FullName"
          FROM "Users" AS u
          WHERE u."IsActive" AND u."TenantId" = @__ef_filter__p_0
      ) AS t0 ON s."CreatedBy" = t0."Id"
      WHERE s."TenantId" = @__ef_filter__p_0 AND s."SaleDate" >= @__dateFromUtc_Value_0 AND s."SaleDate" <= @__dateToUtc_Value_1
      ORDER BY s."SaleDate" DESC
      LIMIT @__p_3 OFFSET @__p_2
info: Microsoft.EntityFrameworkCore.Database.Command[20101]
      Executed DbCommand (2ms) [Parameters=[@__id_0='?' (DbType = Guid)], CommandType='Text', CommandTimeout='30']
      SELECT t."Id", t."CreatedAt", t."Email", t."FullName", t."IsActive", t."PasswordHash", t."Role", t."TenantId", t."UpdatedAt", t0."UserId", t0."RoleId", t0."Id", t0."Description", t0."IsSystemRole", t0."Name", t0."TenantId", t0."RoleId0", t0."PermissionId", t0."Id0", t0."Code", t0."Description0", t0."Module"
      FROM (
          SELECT u."Id", u."CreatedAt", u."Email", u."FullName", u."IsActive", u."PasswordHash", u."Role", u."TenantId", u."UpdatedAt"
          FROM "Users" AS u
          WHERE u."Id" = @__id_0
          LIMIT 1
      ) AS t
      LEFT JOIN (
          SELECT u0."UserId", u0."RoleId", r."Id", r."Description", r."IsSystemRole", r."Name", r."TenantId", t1."RoleId" AS "RoleId0", t1."PermissionId", t1."Id" AS "Id0", t1."Code", t1."Description" AS "Description0", t1."Module"
          FROM "UserRoles" AS u0
          INNER JOIN "Roles" AS r ON u0."RoleId" = r."Id"
          LEFT JOIN (
              SELECT r0."RoleId", r0."PermissionId", p."Id", p."Code", p."Description", p."Module"
              FROM "RolePermissions" AS r0
              INNER JOIN "Permissions" AS p ON r0."PermissionId" = p."Id"
          ) AS t1 ON r."Id" = t1."RoleId"
      ) AS t0 ON t."Id" = t0."UserId"
      ORDER BY t."Id", t0."UserId", t0."RoleId", t0."Id", t0."RoleId0", t0."PermissionId"
info: Microsoft.EntityFrameworkCore.Database.Command[20101]
      Executed DbCommand (2ms) [Parameters=[@__id_0='?' (DbType = Guid)], CommandType='Text', CommandTimeout='30']
      SELECT t."Id", t."CreatedAt", t."Email", t."FullName", t."IsActive", t."PasswordHash", t."Role", t."TenantId", t."UpdatedAt", t0."UserId", t0."RoleId", t0."Id", t0."Description", t0."IsSystemRole", t0."Name", t0."TenantId", t0."RoleId0", t0."PermissionId", t0."Id0", t0."Code", t0."Description0", t0."Module"
      FROM (
          SELECT u."Id", u."CreatedAt", u."Email", u."FullName", u."IsActive", u."PasswordHash", u."Role", u."TenantId", u."UpdatedAt"
          FROM "Users" AS u
          WHERE u."Id" = @__id_0
          LIMIT 1
      ) AS t
      LEFT JOIN (
          SELECT u0."UserId", u0."RoleId", r."Id", r."Description", r."IsSystemRole", r."Name", r."TenantId", t1."RoleId" AS "RoleId0", t1."PermissionId", t1."Id" AS "Id0", t1."Code", t1."Description" AS "Description0", t1."Module"
          FROM "UserRoles" AS u0
          INNER JOIN "Roles" AS r ON u0."RoleId" = r."Id"
          LEFT JOIN (
              SELECT r0."RoleId", r0."PermissionId", p."Id", p."Code", p."Description", p."Module"
              FROM "RolePermissions" AS r0
              INNER JOIN "Permissions" AS p ON r0."PermissionId" = p."Id"
          ) AS t1 ON r."Id" = t1."RoleId"
      ) AS t0 ON t."Id" = t0."UserId"
      ORDER BY t."Id", t0."UserId", t0."RoleId", t0."Id", t0."RoleId0", t0."PermissionId"
info: Microsoft.EntityFrameworkCore.Database.Command[20101]
      Executed DbCommand (0ms) [Parameters=[@__email_0='?'], CommandType='Text', CommandTimeout='30']
      SELECT u."Id", u."CreatedAt", u."Email", u."FullName", u."IsActive", u."PasswordHash", u."Role", u."TenantId", u."UpdatedAt"
      FROM "Users" AS u
      WHERE u."Email" = @__email_0
      LIMIT 1
info: Microsoft.EntityFrameworkCore.Database.Command[20101]
      Executed DbCommand (1ms) [Parameters=[@__id_0='?' (DbType = Guid)], CommandType='Text', CommandTimeout='30']
      SELECT t."Id", t."CreatedAt", t."Email", t."FullName", t."IsActive", t."PasswordHash", t."Role", t."TenantId", t."UpdatedAt", t0."UserId", t0."RoleId", t0."Id", t0."Description", t0."IsSystemRole", t0."Name", t0."TenantId", t0."RoleId0", t0."PermissionId", t0."Id0", t0."Code", t0."Description0", t0."Module"
      FROM (
          SELECT u."Id", u."CreatedAt", u."Email", u."FullName", u."IsActive", u."PasswordHash", u."Role", u."TenantId", u."UpdatedAt"
          FROM "Users" AS u
          WHERE u."Id" = @__id_0
          LIMIT 1
      ) AS t
      LEFT JOIN (
          SELECT u0."UserId", u0."RoleId", r."Id", r."Description", r."IsSystemRole", r."Name", r."TenantId", t1."RoleId" AS "RoleId0", t1."PermissionId", t1."Id" AS "Id0", t1."Code", t1."Description" AS "Description0", t1."Module"
          FROM "UserRoles" AS u0
          INNER JOIN "Roles" AS r ON u0."RoleId" = r."Id"
          LEFT JOIN (
              SELECT r0."RoleId", r0."PermissionId", p."Id", p."Code", p."Description", p."Module"
              FROM "RolePermissions" AS r0
              INNER JOIN "Permissions" AS p ON r0."PermissionId" = p."Id"
          ) AS t1 ON r."Id" = t1."RoleId"
      ) AS t0 ON t."Id" = t0."UserId"
      ORDER BY t."Id", t0."UserId", t0."RoleId", t0."Id", t0."RoleId0", t0."PermissionId"
info: Microsoft.EntityFrameworkCore.Database.Command[20101]
      Executed DbCommand (1ms) [Parameters=[@__id_0='?' (DbType = Guid)], CommandType='Text', CommandTimeout='30']
      SELECT t."Id", t."CreatedAt", t."Email", t."FullName", t."IsActive", t."PasswordHash", t."Role", t."TenantId", t."UpdatedAt", t0."UserId", t0."RoleId", t0."Id", t0."Description", t0."IsSystemRole", t0."Name", t0."TenantId", t0."RoleId0", t0."PermissionId", t0."Id0", t0."Code", t0."Description0", t0."Module"
      FROM (
          SELECT u."Id", u."CreatedAt", u."Email", u."FullName", u."IsActive", u."PasswordHash", u."Role", u."TenantId", u."UpdatedAt"
          FROM "Users" AS u
          WHERE u."Id" = @__id_0
          LIMIT 1
      ) AS t
      LEFT JOIN (
          SELECT u0."UserId", u0."RoleId", r."Id", r."Description", r."IsSystemRole", r."Name", r."TenantId", t1."RoleId" AS "RoleId0", t1."PermissionId", t1."Id" AS "Id0", t1."Code", t1."Description" AS "Description0", t1."Module"
          FROM "UserRoles" AS u0
          INNER JOIN "Roles" AS r ON u0."RoleId" = r."Id"
          LEFT JOIN (
              SELECT r0."RoleId", r0."PermissionId", p."Id", p."Code", p."Description", p."Module"
              FROM "RolePermissions" AS r0
              INNER JOIN "Permissions" AS p ON r0."PermissionId" = p."Id"
          ) AS t1 ON r."Id" = t1."RoleId"
      ) AS t0 ON t."Id" = t0."UserId"
      ORDER BY t."Id", t0."UserId", t0."RoleId", t0."Id", t0."RoleId0", t0."PermissionId"
info: SistemaERP.Application.Services.CustomerService[0]
      Fetching all customers.
info: Microsoft.EntityFrameworkCore.Database.Command[20101]
      Executed DbCommand (1ms) [Parameters=[@__ef_filter__p_0='?' (DbType = Guid)], CommandType='Text', CommandTimeout='30']
      SELECT c."Id", c."Address", c."CreatedAt", c."CreditLimit", c."CustomerType", c."DocumentNumber", c."DocumentType", c."Email", c."IsActive", c."Name", c."Phone", c."TenantId", c."UpdatedAt"
      FROM "Customers" AS c
      WHERE c."IsActive" AND c."TenantId" = @__ef_filter__p_0
info: SistemaERP.Application.Services.CategoryService[0]
      Fetching all categories.
info: SistemaERP.Application.Services.ProductService[0]
      Fetching all products.
info: SistemaERP.Application.Services.ProductService[0]
      Fetching all products.
info: SistemaERP.Application.Services.StockMovementService[0]
      Fetching all stock movements.
info: Microsoft.EntityFrameworkCore.Database.Command[20101]
      Executed DbCommand (1ms) [Parameters=[@__ef_filter__p_0='?' (DbType = Guid)], CommandType='Text', CommandTimeout='30']
      SELECT p."Id", p."Barcode", p."CategoryId", p."Code", p."CreatedAt", p."IsActive", p."Name", p."PurchasePrice", p."RowVersion", p."SalePrice", p."Stock", p."StockMinimum", p."TenantId", p."UpdatedAt"
      FROM "Products" AS p
      WHERE p."IsActive" AND p."TenantId" = @__ef_filter__p_0
info: Microsoft.EntityFrameworkCore.Database.Command[20101]
      Executed DbCommand (1ms) [Parameters=[@__ef_filter__p_0='?' (DbType = Guid)], CommandType='Text', CommandTimeout='30']
      SELECT s."Id", s."Address", s."ContactPerson", s."CreatedAt", s."DocumentNumber", s."DocumentType", s."Email", s."IsActive", s."Name", s."PaymentTermDays", s."Phone", s."TenantId", s."UpdatedAt"
      FROM "Suppliers" AS s
      WHERE s."IsActive" AND s."TenantId" = @__ef_filter__p_0
info: Microsoft.EntityFrameworkCore.Database.Command[20101]
      Executed DbCommand (1ms) [Parameters=[@__ef_filter__p_0='?' (DbType = Guid)], CommandType='Text', CommandTimeout='30']
      SELECT s."Id", s."CreatedAt", s."CreatedBy", s."NewStock", s."PreviousStock", s."ProductId", s."Quantity", s."Reason", s."TenantId", s."Type", s."UpdatedAt"
      FROM "StockMovements" AS s
      WHERE s."TenantId" = @__ef_filter__p_0
info: Microsoft.EntityFrameworkCore.Database.Command[20101]
      Executed DbCommand (1ms) [Parameters=[@__ef_filter__p_0='?' (DbType = Guid)], CommandType='Text', CommandTimeout='30']
      SELECT p."Id", p."Barcode", p."CategoryId", p."Code", p."CreatedAt", p."IsActive", p."Name", p."PurchasePrice", p."RowVersion", p."SalePrice", p."Stock", p."StockMinimum", p."TenantId", p."UpdatedAt"
      FROM "Products" AS p
      WHERE p."IsActive" AND p."TenantId" = @__ef_filter__p_0
info: Microsoft.EntityFrameworkCore.Database.Command[20101]
      Executed DbCommand (1ms) [Parameters=[@__ef_filter__p_0='?' (DbType = Guid)], CommandType='Text', CommandTimeout='30']
      SELECT c."Id", c."CreatedAt", c."Description", c."IsActive", c."Name", c."TenantId", c."UpdatedAt"
      FROM "Categories" AS c
      WHERE c."IsActive" AND c."TenantId" = @__ef_filter__p_0
info: SistemaERP.Application.Services.CustomerService[0]
      Fetching all customers.
info: Microsoft.EntityFrameworkCore.Database.Command[20101]
      Executed DbCommand (1ms) [Parameters=[@__ef_filter__p_0='?' (DbType = Guid)], CommandType='Text', CommandTimeout='30']
      SELECT c."Id", c."Address", c."CreatedAt", c."CreditLimit", c."CustomerType", c."DocumentNumber", c."DocumentType", c."Email", c."IsActive", c."Name", c."Phone", c."TenantId", c."UpdatedAt"
      FROM "Customers" AS c
      WHERE c."IsActive" AND c."TenantId" = @__ef_filter__p_0
info: Microsoft.EntityFrameworkCore.Database.Command[20101]
      Executed DbCommand (3ms) [Parameters=[@__ef_filter__p_0='?' (DbType = Guid), @__dateFromUtc_Value_0='?' (DbType = DateTime), @__dateToUtc_Value_1='?' (DbType = DateTime)], CommandType='Text', CommandTimeout='30']
      SELECT COALESCE(sum(t1."Total"), 0.0) AS "TotalAmount", COALESCE(sum(t1."Tax"), 0.0) AS "TotalTax", COALESCE(sum(t1."Subtotal"), 0.0) AS "TotalSubtotal", count(*)::int AS "TotalRecords"
      FROM (
          SELECT s."Subtotal", s."Tax", s."Total", 1 AS "Key"
          FROM "Sales" AS s
          LEFT JOIN (
              SELECT c."Id", c."Address", c."CreatedAt", c."CreditLimit", c."CustomerType", c."DocumentNumber", c."DocumentType", c."Email", c."IsActive", c."Name", c."Phone", c."TenantId", c."UpdatedAt"
              FROM "Customers" AS c
              WHERE c."IsActive" AND c."TenantId" = @__ef_filter__p_0
          ) AS t ON s."CustomerId" = t."Id"
          LEFT JOIN (
              SELECT u."Id", u."CreatedAt", u."Email", u."FullName", u."IsActive", u."PasswordHash", u."Role", u."TenantId", u."UpdatedAt"
              FROM "Users" AS u
              WHERE u."IsActive" AND u."TenantId" = @__ef_filter__p_0
          ) AS t0 ON s."CreatedBy" = t0."Id"
          WHERE s."TenantId" = @__ef_filter__p_0 AND s."SaleDate" >= @__dateFromUtc_Value_0 AND s."SaleDate" <= @__dateToUtc_Value_1
      ) AS t1
      GROUP BY t1."Key"
      LIMIT 1
info: Microsoft.EntityFrameworkCore.Database.Command[20101]
      Executed DbCommand (3ms) [Parameters=[@__ef_filter__p_0='?' (DbType = Guid), @__dateFromUtc_Value_0='?' (DbType = DateTime), @__dateToUtc_Value_1='?' (DbType = DateTime)], CommandType='Text', CommandTimeout='30']
      SELECT count(*)::int
      FROM "Sales" AS s
      LEFT JOIN (
          SELECT c."Id", c."Address", c."CreatedAt", c."CreditLimit", c."CustomerType", c."DocumentNumber", c."DocumentType", c."Email", c."IsActive", c."Name", c."Phone", c."TenantId", c."UpdatedAt"
          FROM "Customers" AS c
          WHERE c."IsActive" AND c."TenantId" = @__ef_filter__p_0
      ) AS t ON s."CustomerId" = t."Id"
      LEFT JOIN (
          SELECT u."Id", u."CreatedAt", u."Email", u."FullName", u."IsActive", u."PasswordHash", u."Role", u."TenantId", u."UpdatedAt"
          FROM "Users" AS u
          WHERE u."IsActive" AND u."TenantId" = @__ef_filter__p_0
      ) AS t0 ON s."CreatedBy" = t0."Id"
      WHERE s."TenantId" = @__ef_filter__p_0 AND s."SaleDate" >= @__dateFromUtc_Value_0 AND s."SaleDate" <= @__dateToUtc_Value_1
info: Microsoft.EntityFrameworkCore.Database.Command[20101]
      Executed DbCommand (3ms) [Parameters=[@__ef_filter__p_0='?' (DbType = Guid), @__dateFromUtc_Value_0='?' (DbType = DateTime), @__dateToUtc_Value_1='?' (DbType = DateTime), @__p_3='?' (DbType = Int32), @__p_2='?' (DbType = Int32)], CommandType='Text', CommandTimeout='30']
      SELECT s."SaleNumber", s."SaleDate", CASE
          WHEN t."Id" IS NOT NULL THEN t."Name"
          ELSE ''
      END AS "CustomerName", CASE
          WHEN t0."Id" IS NOT NULL THEN t0."FullName"
          ELSE ''
      END AS "VendorName", s."PaymentType", s."PaymentStatus", s."Status", s."Subtotal", s."Tax", s."Total"
      FROM "Sales" AS s
      LEFT JOIN (
          SELECT c."Id", c."Name"
          FROM "Customers" AS c
          WHERE c."IsActive" AND c."TenantId" = @__ef_filter__p_0
      ) AS t ON s."CustomerId" = t."Id"
      LEFT JOIN (
          SELECT u."Id", u."FullName"
          FROM "Users" AS u
          WHERE u."IsActive" AND u."TenantId" = @__ef_filter__p_0
      ) AS t0 ON s."CreatedBy" = t0."Id"
      WHERE s."TenantId" = @__ef_filter__p_0 AND s."SaleDate" >= @__dateFromUtc_Value_0 AND s."SaleDate" <= @__dateToUtc_Value_1
      ORDER BY s."SaleDate" DESC
      LIMIT @__p_3 OFFSET @__p_2
warn: Microsoft.EntityFrameworkCore.Query[10103]
      The query uses the 'First'/'FirstOrDefault' operator without 'OrderBy' and filter operators. This may lead to unpredictable results.
info: Microsoft.EntityFrameworkCore.Database.Command[20101]
      Executed DbCommand (11ms) [Parameters=[@__ef_filter__p_0='?' (DbType = Guid), @__dateFromUtc_Value_0='?' (DbType = DateTime), @__dateToUtc_Value_1='?' (DbType = DateTime), @__search_2_contains='?'], CommandType='Text', CommandTimeout='30']
      SELECT COALESCE(sum(t1."Total"), 0.0) AS "TotalAmount", COALESCE(sum(t1."Tax"), 0.0) AS "TotalTax", COALESCE(sum(t1."Subtotal"), 0.0) AS "TotalSubtotal", count(*)::int AS "TotalRecords"
      FROM (
          SELECT s."Subtotal", s."Tax", s."Total", 1 AS "Key"
          FROM "Sales" AS s
          LEFT JOIN (
              SELECT c."Id", c."Address", c."CreatedAt", c."CreditLimit", c."CustomerType", c."DocumentNumber", c."DocumentType", c."Email", c."IsActive", c."Name", c."Phone", c."TenantId", c."UpdatedAt"
              FROM "Customers" AS c
              WHERE c."IsActive" AND c."TenantId" = @__ef_filter__p_0
          ) AS t ON s."CustomerId" = t."Id"
          LEFT JOIN (
              SELECT u."Id", u."CreatedAt", u."Email", u."FullName", u."IsActive", u."PasswordHash", u."Role", u."TenantId", u."UpdatedAt"
              FROM "Users" AS u
              WHERE u."IsActive" AND u."TenantId" = @__ef_filter__p_0
          ) AS t0 ON s."CreatedBy" = t0."Id"
          WHERE s."TenantId" = @__ef_filter__p_0 AND s."SaleDate" >= @__dateFromUtc_Value_0 AND s."SaleDate" <= @__dateToUtc_Value_1 AND s."SaleNumber" LIKE @__search_2_contains
      ) AS t1
      GROUP BY t1."Key"
      LIMIT 1
info: Microsoft.EntityFrameworkCore.Database.Command[20101]
      Executed DbCommand (1ms) [Parameters=[@__ef_filter__p_0='?' (DbType = Guid), @__dateFromUtc_Value_0='?' (DbType = DateTime), @__dateToUtc_Value_1='?' (DbType = DateTime), @__search_2_contains='?'], CommandType='Text', CommandTimeout='30']
      SELECT count(*)::int
      FROM "Sales" AS s
      LEFT JOIN (
          SELECT c."Id", c."Address", c."CreatedAt", c."CreditLimit", c."CustomerType", c."DocumentNumber", c."DocumentType", c."Email", c."IsActive", c."Name", c."Phone", c."TenantId", c."UpdatedAt"
          FROM "Customers" AS c
          WHERE c."IsActive" AND c."TenantId" = @__ef_filter__p_0
      ) AS t ON s."CustomerId" = t."Id"
      LEFT JOIN (
          SELECT u."Id", u."CreatedAt", u."Email", u."FullName", u."IsActive", u."PasswordHash", u."Role", u."TenantId", u."UpdatedAt"
          FROM "Users" AS u
          WHERE u."IsActive" AND u."TenantId" = @__ef_filter__p_0
      ) AS t0 ON s."CreatedBy" = t0."Id"
      WHERE s."TenantId" = @__ef_filter__p_0 AND s."SaleDate" >= @__dateFromUtc_Value_0 AND s."SaleDate" <= @__dateToUtc_Value_1 AND s."SaleNumber" LIKE @__search_2_contains
info: Microsoft.EntityFrameworkCore.Database.Command[20101]
      Executed DbCommand (1ms) [Parameters=[@__ef_filter__p_0='?' (DbType = Guid), @__dateFromUtc_Value_0='?' (DbType = DateTime), @__dateToUtc_Value_1='?' (DbType = DateTime), @__search_2_contains='?', @__p_4='?' (DbType = Int32), @__p_3='?' (DbType = Int32)], CommandType='Text', CommandTimeout='30']
      SELECT s."SaleNumber", s."SaleDate", CASE
          WHEN t."Id" IS NOT NULL THEN t."Name"
          ELSE ''
      END AS "CustomerName", CASE
          WHEN t0."Id" IS NOT NULL THEN t0."FullName"
          ELSE ''
      END AS "VendorName", s."PaymentType", s."PaymentStatus", s."Status", s."Subtotal", s."Tax", s."Total"
      FROM "Sales" AS s
      LEFT JOIN (
          SELECT c."Id", c."Name"
          FROM "Customers" AS c
          WHERE c."IsActive" AND c."TenantId" = @__ef_filter__p_0
      ) AS t ON s."CustomerId" = t."Id"
      LEFT JOIN (
          SELECT u."Id", u."FullName"
          FROM "Users" AS u
          WHERE u."IsActive" AND u."TenantId" = @__ef_filter__p_0
      ) AS t0 ON s."CreatedBy" = t0."Id"
      WHERE s."TenantId" = @__ef_filter__p_0 AND s."SaleDate" >= @__dateFromUtc_Value_0 AND s."SaleDate" <= @__dateToUtc_Value_1 AND s."SaleNumber" LIKE @__search_2_contains
      ORDER BY s."SaleDate" DESC
      LIMIT @__p_4 OFFSET @__p_3
info: SistemaERP.Application.Services.StockMovementService[0]
      Fetching all stock movements.
info: SistemaERP.Application.Services.ProductService[0]
      Fetching all products.
info: Microsoft.EntityFrameworkCore.Database.Command[20101]
      Executed DbCommand (0ms) [Parameters=[@__ef_filter__p_0='?' (DbType = Guid)], CommandType='Text', CommandTimeout='30']
      SELECT p."Id", p."Barcode", p."CategoryId", p."Code", p."CreatedAt", p."IsActive", p."Name", p."PurchasePrice", p."RowVersion", p."SalePrice", p."Stock", p."StockMinimum", p."TenantId", p."UpdatedAt"
      FROM "Products" AS p
      WHERE p."IsActive" AND p."TenantId" = @__ef_filter__p_0
info: Microsoft.EntityFrameworkCore.Database.Command[20101]
      Executed DbCommand (0ms) [Parameters=[@__ef_filter__p_0='?' (DbType = Guid)], CommandType='Text', CommandTimeout='30']
      SELECT s."Id", s."CreatedAt", s."CreatedBy", s."NewStock", s."PreviousStock", s."ProductId", s."Quantity", s."Reason", s."TenantId", s."Type", s."UpdatedAt"
      FROM "StockMovements" AS s
      WHERE s."TenantId" = @__ef_filter__p_0
info: SistemaERP.Application.Services.CustomerService[0]
      Fetching all customers.
info: Microsoft.EntityFrameworkCore.Database.Command[20101]
      Executed DbCommand (1ms) [Parameters=[@__ef_filter__p_0='?' (DbType = Guid)], CommandType='Text', CommandTimeout='30']
      SELECT c."Id", c."Address", c."CreatedAt", c."CreditLimit", c."CustomerType", c."DocumentNumber", c."DocumentType", c."Email", c."IsActive", c."Name", c."Phone", c."TenantId", c."UpdatedAt"
      FROM "Customers" AS c
      WHERE c."IsActive" AND c."TenantId" = @__ef_filter__p_0
info: Microsoft.EntityFrameworkCore.Database.Command[20101]
      Executed DbCommand (1ms) [Parameters=[@__ef_filter__p_0='?' (DbType = Guid), @__dateFromUtc_Value_0='?' (DbType = DateTime), @__dateToUtc_Value_1='?' (DbType = DateTime)], CommandType='Text', CommandTimeout='30']
      SELECT COALESCE(sum(t1."Total"), 0.0) AS "TotalAmount", COALESCE(sum(t1."Tax"), 0.0) AS "TotalTax", COALESCE(sum(t1."Subtotal"), 0.0) AS "TotalSubtotal", count(*)::int AS "TotalRecords"
      FROM (
          SELECT s."Subtotal", s."Tax", s."Total", 1 AS "Key"
          FROM "Sales" AS s
          LEFT JOIN (
              SELECT c."Id", c."Address", c."CreatedAt", c."CreditLimit", c."CustomerType", c."DocumentNumber", c."DocumentType", c."Email", c."IsActive", c."Name", c."Phone", c."TenantId", c."UpdatedAt"
              FROM "Customers" AS c
              WHERE c."IsActive" AND c."TenantId" = @__ef_filter__p_0
          ) AS t ON s."CustomerId" = t."Id"
          LEFT JOIN (
              SELECT u."Id", u."CreatedAt", u."Email", u."FullName", u."IsActive", u."PasswordHash", u."Role", u."TenantId", u."UpdatedAt"
              FROM "Users" AS u
              WHERE u."IsActive" AND u."TenantId" = @__ef_filter__p_0
          ) AS t0 ON s."CreatedBy" = t0."Id"
          WHERE s."TenantId" = @__ef_filter__p_0 AND s."SaleDate" >= @__dateFromUtc_Value_0 AND s."SaleDate" <= @__dateToUtc_Value_1
      ) AS t1
      GROUP BY t1."Key"
      LIMIT 1
info: Microsoft.EntityFrameworkCore.Database.Command[20101]
      Executed DbCommand (1ms) [Parameters=[@__ef_filter__p_0='?' (DbType = Guid), @__dateFromUtc_Value_0='?' (DbType = DateTime), @__dateToUtc_Value_1='?' (DbType = DateTime)], CommandType='Text', CommandTimeout='30']
      SELECT count(*)::int
      FROM "Sales" AS s
      LEFT JOIN (
          SELECT c."Id", c."Address", c."CreatedAt", c."CreditLimit", c."CustomerType", c."DocumentNumber", c."DocumentType", c."Email", c."IsActive", c."Name", c."Phone", c."TenantId", c."UpdatedAt"
          FROM "Customers" AS c
          WHERE c."IsActive" AND c."TenantId" = @__ef_filter__p_0
      ) AS t ON s."CustomerId" = t."Id"
      LEFT JOIN (
          SELECT u."Id", u."CreatedAt", u."Email", u."FullName", u."IsActive", u."PasswordHash", u."Role", u."TenantId", u."UpdatedAt"
          FROM "Users" AS u
          WHERE u."IsActive" AND u."TenantId" = @__ef_filter__p_0
      ) AS t0 ON s."CreatedBy" = t0."Id"
      WHERE s."TenantId" = @__ef_filter__p_0 AND s."SaleDate" >= @__dateFromUtc_Value_0 AND s."SaleDate" <= @__dateToUtc_Value_1
info: Microsoft.EntityFrameworkCore.Database.Command[20101]
      Executed DbCommand (1ms) [Parameters=[@__ef_filter__p_0='?' (DbType = Guid), @__dateFromUtc_Value_0='?' (DbType = DateTime), @__dateToUtc_Value_1='?' (DbType = DateTime), @__p_3='?' (DbType = Int32), @__p_2='?' (DbType = Int32)], CommandType='Text', CommandTimeout='30']
      SELECT s."SaleNumber", s."SaleDate", CASE
          WHEN t."Id" IS NOT NULL THEN t."Name"
          ELSE ''
      END AS "CustomerName", CASE
          WHEN t0."Id" IS NOT NULL THEN t0."FullName"
          ELSE ''
      END AS "VendorName", s."PaymentType", s."PaymentStatus", s."Status", s."Subtotal", s."Tax", s."Total"
      FROM "Sales" AS s
      LEFT JOIN (
          SELECT c."Id", c."Name"
          FROM "Customers" AS c
          WHERE c."IsActive" AND c."TenantId" = @__ef_filter__p_0
      ) AS t ON s."CustomerId" = t."Id"
      LEFT JOIN (
          SELECT u."Id", u."FullName"
          FROM "Users" AS u
          WHERE u."IsActive" AND u."TenantId" = @__ef_filter__p_0
      ) AS t0 ON s."CreatedBy" = t0."Id"
      WHERE s."TenantId" = @__ef_filter__p_0 AND s."SaleDate" >= @__dateFromUtc_Value_0 AND s."SaleDate" <= @__dateToUtc_Value_1
      ORDER BY s."SaleDate" DESC
      LIMIT @__p_3 OFFSET @__p_2
